../Core/Src/main.c:74:6:inicializa_filtro	16	static
../Core/Src/main.c:80:10:filtro	24	static
../Core/Src/main.c:93:10:servo_1	16	static
../Core/Src/main.c:99:10:servo_2	16	static
../Core/Src/main.c:109:6:HAL_GPIO_EXTI_Callback	16	static
../Core/Src/main.c:116:5:encender_led	16	static
../Core/Src/main.c:121:6:HAL_ADC_ConvCpltCallback	16	static
../Core/Src/main.c:134:5:main	8	static
../Core/Src/main.c:203:6:SystemClock_Config	88	static
../Core/Src/main.c:250:13:MX_ADC1_Init	24	static
../Core/Src/main.c:311:13:MX_TIM1_Init	96	static
../Core/Src/main.c:384:13:MX_DMA_Init	16	static
../Core/Src/main.c:402:13:MX_GPIO_Init	40	static
../Core/Src/main.c:445:6:Error_Handler	4	static,ignoring_inline_asm
